> Task :app:preBuild UP-TO-DATE
> Task :app:preDebugBuild UP-TO-DATE
> Task :app:mergeDebugNativeDebugMetadata NO-SOURCE
> Task :app:checkKotlinGradlePluginConfigurationErrors
> Task :app:dataBindingMergeDependencyArtifactsDebug FAILED
.\gradlew : 
At line:1 char:1
+ .\gradlew :app:assembleDebug > build_output.txt 2>&1
+ ~~~~~~~~~~~~~~~~~~~~~~~~~~~~~~~~~~~~~~~~~~~~~~~~~~~~
    + CategoryInfo          : NotSpecified: (:String) [], RemoteException
    + FullyQualifiedErrorId : NativeCommandError
 
FAILURE: Build failed with an exception.

* What went wrong:
Execution failed for task ':app:dataBindingMergeDependencyArtifactsDebug'.
> Could not resolve all dependencies for configuration ':app:debugCompileClasspath'.
   > Configuration `:app:debugRuntimeClasspath` contains AndroidX dependencies, but the `android.useAndroidX` property 
is not enabled, which may cause runtime issues.
     Set `android.useAndroidX=true` in the `gradle.properties` file and retry.
     The following AndroidX dependencies are detected:
     :app:debugRuntimeClasspath -> androidx.navigation:navigation-fragment-ktx:2.7.7 -> 
androidx.navigation:navigation-fragment:2.7.7 -> androidx.navigation:navigation-runtime-ktx:2.7.7 -> 
androidx.navigation:navigation-common-ktx:2.7.7 -> androidx.navigation:navigation-common:2.7.7 -> 
androidx.navigation:navigation-runtime:2.7.7 -> androidx.collection:collection:1.4.0
     :app:debugRuntimeClasspath -> androidx.navigation:navigation-fragment-ktx:2.7.7 -> 
androidx.navigation:navigation-fragment:2.7.7 -> androidx.navigation:navigation-runtime-ktx:2.7.7 -> 
androidx.navigation:navigation-common-ktx:2.7.7 -> androidx.navigation:navigation-common:2.7.7 -> 
androidx.navigation:navigation-runtime:2.7.7 -> androidx.collection:collection:1.4.0 -> 
androidx.collection:collection-jvm:1.4.0
     :app:debugRuntimeClasspath -> androidx.navigation:navigation-fragment-ktx:2.7.7 -> 
androidx.navigation:navigation-fragment:2.7.7 -> androidx.navigation:navigation-runtime-ktx:2.7.7 -> 
androidx.navigation:navigation-runtime:2.7.7 -> androidx.navigation:navigation-common-ktx:2.7.7 -> 
androidx.navigation:navigation-common:2.7.7 -> androidx.annotation:annotation:1.8.0
     :app:debugRuntimeClasspath -> androidx.navigation:navigation-fragment-ktx:2.7.7 -> 
androidx.navigation:navigation-fragment:2.7.7 -> androidx.navigation:navigation-runtime-ktx:2.7.7 -> 
androidx.navigation:navigation-runtime:2.7.7 -> androidx.navigation:navigation-common-ktx:2.7.7 -> 
androidx.navigation:navigation-common:2.7.7 -> androidx.annotation:annotation:1.8.0 -> 
androidx.annotation:annotation-jvm:1.8.0
     :app:debugRuntimeClasspath -> androidx.navigation:navigation-fragment-ktx:2.7.7 -> 
androidx.navigation:navigation-fragment:2.7.7 -> androidx.navigation:navigation-runtime-ktx:2.7.7 -> 
androidx.navigation:navigation-runtime:2.7.7 -> androidx.navigation:navigation-common-ktx:2.7.7 -> 
androidx.navigation:navigation-common:2.7.7 -> androidx.collection:collection-ktx:1.4.0
     :app:debugRuntimeClasspath -> com.google.android.material:material:1.12.0 -> androidx.core:core:1.13.1
     :app:debugRuntimeClasspath -> androidx.navigation:navigation-fragment-ktx:2.7.7 -> 
androidx.navigation:navigation-fragment:2.7.7 -> androidx.navigation:navigation-runtime-ktx:2.7.7 -> 
androidx.navigation:navigation-common-ktx:2.7.7 -> androidx.navigation:navigation-common:2.7.7 -> 
androidx.navigation:navigation-runtime:2.7.7 -> androidx.annotation:annotation-experimental:1.4.0
     :app:debugRuntimeClasspath -> com.google.firebase:firebase-bom:33.1.2 -> com.google.firebase:firebase-auth:23.0.0 
-> androidx.browser:browser:1.4.0 -> androidx.concurrent:concurrent-futures:1.1.0
     :app:debugRuntimeClasspath -> io.coil-kt:coil:2.6.0 -> io.coil-kt:coil-base:2.6.0 -> 
androidx.appcompat:appcompat-resources:1.7.0 -> androidx.vectordrawable:vectordrawable-animated:1.1.0 -> 
androidx.interpolator:interpolator:1.0.0
     :app:debugRuntimeClasspath -> com.google.android.material:material:1.12.0 -> 
androidx.lifecycle:lifecycle-runtime:2.8.4
     :app:debugRuntimeClasspath -> com.google.android.material:material:1.12.0 -> 
androidx.lifecycle:lifecycle-runtime:2.8.4 -> androidx.lifecycle:lifecycle-runtime-android:2.8.4
     :app:debugRuntimeClasspath -> androidx.appcompat:appcompat:1.7.0 -> androidx.savedstate:savedstate:1.2.1 -> 
androidx.arch.core:core-common:2.2.0
     :app:debugRuntimeClasspath -> com.google.android.material:material:1.12.0 -> 
androidx.lifecycle:lifecycle-runtime:2.8.4 -> androidx.lifecycle:lifecycle-runtime-android:2.8.4 -> 
androidx.arch.core:core-runtime:2.2.0
     :app:debugRuntimeClasspath -> androidx.navigation:navigation-fragment-ktx:2.7.7 -> 
androidx.navigation:navigation-fragment:2.7.7 -> androidx.navigation:navigation-runtime-ktx:2.7.7 -> 
androidx.navigation:navigation-runtime:2.7.7 -> androidx.navigation:navigation-common-ktx:2.7.7 -> 
androidx.navigation:navigation-common:2.7.7 -> androidx.lifecycle:lifecycle-common:2.8.4
     :app:debugRuntimeClasspath -> androidx.navigation:navigation-fragment-ktx:2.7.7 -> 
androidx.navigation:navigation-fragment:2.7.7 -> androidx.navigation:navigation-runtime-ktx:2.7.7 -> 
androidx.navigation:navigation-runtime:2.7.7 -> androidx.navigation:navigation-common-ktx:2.7.7 -> 
androidx.navigation:navigation-common:2.7.7 -> androidx.lifecycle:lifecycle-common:2.8.4 -> 
androidx.lifecycle:lifecycle-common-jvm:2.8.4
     :app:debugRuntimeClasspath -> com.google.android.gms:play-services-auth:21.2.0 -> androidx.loader:loader:1.1.0 -> 
androidx.lifecycle:lifecycle-livedata-core:2.8.4
     :app:debugRuntimeClasspath -> androidx.navigation:navigation-fragment-ktx:2.7.7 -> 
androidx.navigation:navigation-fragment:2.7.7 -> androidx.navigation:navigation-runtime-ktx:2.7.7 -> 
androidx.navigation:navigation-runtime:2.7.7 -> androidx.navigation:navigation-common-ktx:2.7.7 -> 
androidx.navigation:navigation-common:2.7.7 -> androidx.lifecycle:lifecycle-common:2.8.4 -> 
androidx.lifecycle:lifecycle-common-jvm:2.8.4 -> androidx.lifecycle:lifecycle-livedata-core-ktx:2.8.4
     :app:debugRuntimeClasspath -> androidx.appcompat:appcompat:1.7.0 -> androidx.emoji2:emoji2:1.3.0 -> 
androidx.lifecycle:lifecycle-process:2.8.4
     :app:debugRuntimeClasspath -> androidx.appcompat:appcompat:1.7.0 -> androidx.emoji2:emoji2:1.3.0 -> 
androidx.startup:startup-runtime:1.1.1
     :app:debugRuntimeClasspath -> com.google.android.material:material:1.12.0 -> androidx.activity:activity:1.9.1 -> 
androidx.tracing:tracing:1.0.0
     :app:debugRuntimeClasspath -> androidx.lifecycle:lifecycle-runtime-ktx:2.8.4
     :app:debugRuntimeClasspath -> androidx.lifecycle:lifecycle-runtime-ktx:2.8.4 -> 
androidx.lifecycle:lifecycle-runtime-ktx-android:2.8.4
     :app:debugRuntimeClasspath -> androidx.appcompat:appcompat:1.7.0 -> androidx.lifecycle:lifecycle-viewmodel:2.8.4
     :app:debugRuntimeClasspath -> androidx.appcompat:appcompat:1.7.0 -> androidx.lifecycle:lifecycle-viewmodel:2.8.4 
-> androidx.lifecycle:lifecycle-viewmodel-android:2.8.4
     :app:debugRuntimeClasspath -> androidx.lifecycle:lifecycle-viewmodel-ktx:2.8.4
     :app:debugRuntimeClasspath -> androidx.navigation:navigation-fragment-ktx:2.7.7 -> 
androidx.navigation:navigation-fragment:2.7.7 -> androidx.navigation:navigation-runtime-ktx:2.7.7 -> 
androidx.navigation:navigation-runtime:2.7.7 -> androidx.navigation:navigation-common-ktx:2.7.7 -> 
androidx.navigation:navigation-common:2.7.7 -> androidx.lifecycle:lifecycle-viewmodel-savedstate:2.8.4
     :app:debugRuntimeClasspath -> androidx.core:core-ktx:1.13.1
     :app:debugRuntimeClasspath -> androidx.appcompat:appcompat:1.7.0 -> androidx.savedstate:savedstate:1.2.1
     :app:debugRuntimeClasspath -> androidx.navigation:navigation-fragment-ktx:2.7.7 -> 
androidx.navigation:navigation-fragment:2.7.7 -> androidx.navigation:navigation-runtime-ktx:2.7.7 -> 
androidx.navigation:navigation-runtime:2.7.7 -> androidx.navigation:navigation-common-ktx:2.7.7 -> 
androidx.navigation:navigation-common:2.7.7 -> androidx.savedstate:savedstate-ktx:1.2.1
     :app:debugRuntimeClasspath -> androidx.navigation:navigation-fragment-ktx:2.7.7 -> 
androidx.navigation:navigation-fragment:2.7.7 -> androidx.navigation:navigation-runtime-ktx:2.7.7 -> 
androidx.navigation:navigation-runtime:2.7.7 -> androidx.navigation:navigation-common-ktx:2.7.7 -> 
androidx.navigation:navigation-common:2.7.7 -> androidx.profileinstaller:profileinstaller:1.3.1
     :app:debugRuntimeClasspath -> com.google.android.material:material:1.12.0 -> androidx.core:core:1.13.1 -> 
androidx.versionedparcelable:versionedparcelable:1.1.1
     :app:debugRuntimeClasspath -> com.google.android.material:material:1.12.0 -> androidx.fragment:fragment:1.8.2
     :app:debugRuntimeClasspath -> com.google.android.material:material:1.12.0 -> androidx.activity:activity:1.9.1
     :app:debugRuntimeClasspath -> androidx.activity:activity-ktx:1.9.1
     :app:debugRuntimeClasspath -> com.google.android.gms:play-services-auth:21.2.0 -> androidx.loader:loader:1.1.0
     :app:debugRuntimeClasspath -> com.google.android.material:material:1.12.0 -> androidx.fragment:fragment:1.8.2 -> 
androidx.viewpager:viewpager:1.0.0
     :app:debugRuntimeClasspath -> androidx.navigation:navigation-fragment-ktx:2.7.7 -> 
androidx.navigation:navigation-fragment:2.7.7 -> androidx.navigation:navigation-runtime-ktx:2.7.7 -> 
androidx.navigation:navigation-runtime:2.7.7 -> androidx.navigation:navigation-common-ktx:2.7.7 -> 
androidx.navigation:navigation-common:2.7.7 -> androidx.navigation:navigation-ui:2.7.7 -> 
androidx.customview:customview:1.1.0
     :app:debugRuntimeClasspath -> androidx.fragment:fragment-ktx:1.8.2
     :app:debugRuntimeClasspath -> com.google.android.material:material:1.12.0 -> 
androidx.dynamicanimation:dynamicanimation:1.0.0 -> androidx.legacy:legacy-support-core-utils:1.0.0
     :app:debugRuntimeClasspath -> com.google.android.material:material:1.12.0 -> 
androidx.dynamicanimation:dynamicanimation:1.0.0 -> androidx.legacy:legacy-support-core-utils:1.0.0 -> 
androidx.documentfile:documentfile:1.0.0
     :app:debugRuntimeClasspath -> com.google.firebase:firebase-bom:33.1.2 -> com.google.firebase:firebase-auth:23.0.0 
-> androidx.localbroadcastmanager:localbroadcastmanager:1.0.0
     :app:debugRuntimeClasspath -> com.google.android.material:material:1.12.0 -> 
androidx.dynamicanimation:dynamicanimation:1.0.0 -> androidx.legacy:legacy-support-core-utils:1.0.0 -> 
androidx.print:print:1.0.0
     :app:debugRuntimeClasspath -> com.google.firebase:firebase-bom:33.1.2 -> 
com.google.firebase:firebase-analytics:22.0.2 -> com.google.android.gms:play-services-measurement:22.0.2 -> 
com.google.android.gms:play-services-measurement-impl:22.0.2 -> androidx.privacysandbox.ads:ads-adservices:1.0.0-beta05
     :app:debugRuntimeClasspath -> com.google.firebase:firebase-bom:33.1.2 -> 
com.google.firebase:firebase-analytics:22.0.2 -> com.google.android.gms:play-services-measurement:22.0.2 -> 
com.google.android.gms:play-services-measurement-impl:22.0.2 -> 
androidx.privacysandbox.ads:ads-adservices-java:1.0.0-beta05
     :app:debugRuntimeClasspath -> com.google.firebase:firebase-bom:33.1.2 -> com.google.firebase:firebase-auth:23.0.0 
-> androidx.browser:browser:1.4.0
     :app:debugRuntimeClasspath -> com.google.firebase:firebase-bom:33.1.2 -> com.google.firebase:firebase-auth:23.0.0 
-> androidx.credentials:credentials:1.2.0-rc01
     :app:debugRuntimeClasspath -> com.google.firebase:firebase-bom:33.1.2 -> com.google.firebase:firebase-auth:23.0.0 
-> androidx.credentials:credentials-play-services-auth:1.2.0-rc01
     :app:debugRuntimeClasspath -> androidx.appcompat:appcompat:1.7.0
     :app:debugRuntimeClasspath -> io.coil-kt:coil:2.6.0 -> io.coil-kt:coil-base:2.6.0 -> 
androidx.appcompat:appcompat-resources:1.7.0
     :app:debugRuntimeClasspath -> com.google.android.material:material:1.12.0 -> 
androidx.vectordrawable:vectordrawable:1.1.0
     :app:debugRuntimeClasspath -> io.coil-kt:coil:2.6.0 -> io.coil-kt:coil-base:2.6.0 -> 
androidx.appcompat:appcompat-resources:1.7.0 -> androidx.vectordrawable:vectordrawable-animated:1.1.0
     :app:debugRuntimeClasspath -> androidx.appcompat:appcompat:1.7.0 -> androidx.cursoradapter:cursoradapter:1.0.0
     :app:debugRuntimeClasspath -> androidx.navigation:navigation-fragment-ktx:2.7.7 -> 
androidx.navigation:navigation-fragment:2.7.7 -> androidx.navigation:navigation-runtime-ktx:2.7.7 -> 
androidx.navigation:navigation-runtime:2.7.7 -> androidx.navigation:navigation-common-ktx:2.7.7 -> 
androidx.navigation:navigation-common:2.7.7 -> androidx.navigation:navigation-ui:2.7.7 -> 
androidx.drawerlayout:drawerlayout:1.1.1
     :app:debugRuntimeClasspath -> androidx.appcompat:appcompat:1.7.0 -> androidx.emoji2:emoji2:1.3.0
     :app:debugRuntimeClasspath -> androidx.appcompat:appcompat:1.7.0 -> androidx.emoji2:emoji2-views-helper:1.3.0
     :app:debugRuntimeClasspath -> com.google.android.material:material:1.12.0 -> 
androidx.resourceinspection:resourceinspection-annotation:1.0.1
     :app:debugRuntimeClasspath -> androidx.navigation:navigation-fragment-ktx:2.7.7
     :app:debugRuntimeClasspath -> androidx.navigation:navigation-fragment-ktx:2.7.7 -> 
androidx.navigation:navigation-runtime-ktx:2.7.7 -> androidx.navigation:navigation-runtime:2.7.7 -> 
androidx.navigation:navigation-common-ktx:2.7.7 -> androidx.navigation:navigation-common:2.7.7 -> 
androidx.navigation:navigation-fragment:2.7.7
     :app:debugRuntimeClasspath -> androidx.navigation:navigation-fragment-ktx:2.7.7 -> 
androidx.navigation:navigation-fragment:2.7.7 -> androidx.navigation:navigation-runtime-ktx:2.7.7 -> 
androidx.navigation:navigation-common-ktx:2.7.7 -> androidx.navigation:navigation-common:2.7.7 -> 
androidx.navigation:navigation-runtime:2.7.7
     :app:debugRuntimeClasspath -> androidx.navigation:navigation-fragment-ktx:2.7.7 -> 
androidx.navigation:navigation-fragment:2.7.7 -> androidx.navigation:navigation-runtime-ktx:2.7.7 -> 
androidx.navigation:navigation-runtime:2.7.7 -> androidx.navigation:navigation-common-ktx:2.7.7 -> 
androidx.navigation:navigation-common:2.7.7
     :app:debugRuntimeClasspath -> androidx.navigation:navigation-fragment-ktx:2.7.7 -> 
androidx.navigation:navigation-fragment:2.7.7 -> androidx.navigation:navigation-runtime-ktx:2.7.7 -> 
androidx.navigation:navigation-runtime:2.7.7 -> androidx.navigation:navigation-common:2.7.7 -> 
androidx.navigation:navigation-common-ktx:2.7.7
     :app:debugRuntimeClasspath -> androidx.navigation:navigation-fragment-ktx:2.7.7 -> 
androidx.navigation:navigation-fragment:2.7.7 -> androidx.navigation:navigation-runtime:2.7.7 -> 
androidx.navigation:navigation-common-ktx:2.7.7 -> androidx.navigation:navigation-common:2.7.7 -> 
androidx.navigation:navigation-runtime-ktx:2.7.7
     :app:debugRuntimeClasspath -> androidx.navigation:navigation-fragment-ktx:2.7.7 -> 
androidx.navigation:navigation-fragment:2.7.7 -> androidx.navigation:navigation-runtime-ktx:2.7.7 -> 
androidx.navigation:navigation-runtime:2.7.7 -> androidx.navigation:navigation-common-ktx:2.7.7 -> 
androidx.navigation:navigation-common:2.7.7 -> androidx.navigation:navigation-ui:2.7.7
     :app:debugRuntimeClasspath -> androidx.navigation:navigation-fragment-ktx:2.7.7 -> 
androidx.navigation:navigation-fragment:2.7.7 -> androidx.navigation:navigation-runtime-ktx:2.7.7 -> 
androidx.navigation:navigation-runtime:2.7.7 -> androidx.navigation:navigation-common-ktx:2.7.7 -> 
androidx.navigation:navigation-common:2.7.7 -> androidx.navigation:navigation-ui:2.7.7 -> 
androidx.transition:transition:1.5.0
     :app:debugRuntimeClasspath -> com.google.android.material:material:1.12.0 -> 
androidx.dynamicanimation:dynamicanimation:1.0.0
     :app:debugRuntimeClasspath -> com.google.android.material:material:1.12.0
     :app:debugRuntimeClasspath -> com.google.android.material:material:1.12.0 -> androidx.cardview:cardview:1.0.0
     :app:debugRuntimeClasspath -> androidx.coordinatorlayout:coordinatorlayout:1.2.0
     :app:debugRuntimeClasspath -> androidx.constraintlayout:constraintlayout:2.1.4
     :app:debugRuntimeClasspath -> androidx.constraintlayout:constraintlayout:2.1.4 -> 
androidx.constraintlayout:constraintlayout-core:1.0.4
     :app:debugRuntimeClasspath -> androidx.recyclerview:recyclerview:1.3.2
     :app:debugRuntimeClasspath -> androidx.recyclerview:recyclerview:1.3.2 -> 
androidx.customview:customview-poolingcontainer:1.0.0
     :app:debugRuntimeClasspath -> com.google.android.material:material:1.12.0 -> 
androidx.viewpager2:viewpager2:1.1.0-beta02
     :app:debugRuntimeClasspath -> androidx.navigation:navigation-ui-ktx:2.7.7
     :app:debugRuntimeClasspath -> androidx.navigation:navigation-fragment-ktx:2.7.7 -> 
androidx.navigation:navigation-runtime-ktx:2.7.7 -> androidx.navigation:navigation-runtime:2.7.7 -> 
androidx.navigation:navigation-common-ktx:2.7.7 -> androidx.navigation:navigation-common:2.7.7 -> 
androidx.navigation:navigation-fragment:2.7.7 -> androidx.slidingpanelayout:slidingpanelayout:1.2.0
     :app:debugRuntimeClasspath -> androidx.navigation:navigation-fragment-ktx:2.7.7 -> 
androidx.navigation:navigation-runtime-ktx:2.7.7 -> androidx.navigation:navigation-runtime:2.7.7 -> 
androidx.navigation:navigation-common-ktx:2.7.7 -> androidx.navigation:navigation-common:2.7.7 -> 
androidx.navigation:navigation-fragment:2.7.7 -> androidx.slidingpanelayout:slidingpanelayout:1.2.0 -> 
androidx.window:window:1.0.0
     :app:debugRuntimeClasspath -> io.coil-kt:coil:2.6.0 -> io.coil-kt:coil-base:2.6.0 -> 
androidx.exifinterface:exifinterface:1.3.7

* Try:
> Run with --stacktrace option to get the stack trace.
> Run with --info or --debug option to get more log output.
> Run with --scan to get full insights.
> Get more help at https://help.gradle.org.

Deprecated Gradle features were used in this build, making it incompatible with Gradle 9.0.

You can use '--warning-mode all' to show the individual deprecation warnings and determine if they come from your own scripts or plugins.

For more on this, please refer to https://docs.gradle.org/8.9/userguide/command_line_interface.html#sec:command_line_warnings in the Gradle documentation.

BUILD FAILED in 1s
2 actionable tasks: 2 executed
